// Vitest Snapshot v1, https://vitest.dev/guide/snapshot.html

exports[`compileScript > script 变量 事件 1`] = `"<script setup lang=\\"ts\\">import{onBeforeUnmount,onMounted,reactive,ref,computed}from\\"vue\\";import{useRouter}from\\"vue-router\\";import{chuangjianyonghu}from\\"../apis/chuangjianyonghu.ts\\";import{chuangjianbanji}from\\"../apis/chuangjianbanji.ts\\";import{luruxueshengbanji}from\\"../apis/luruxueshengbanji.ts\\";import{chaxunxueshengbanji}from\\"../apis/chaxunxueshengbanji.ts\\";import{chaxunsuoyouyonghu}from\\"../apis/chaxunsuoyouyonghu.ts\\";import{chaxunyonghu}from\\"../apis/chaxunyonghu.ts\\";const router=useRouter();const variables=reactive({xueshengmingcheng:null,xueshengnianling:null});const apiState=reactive({chuangjianyonghu:null,chuangjianbanji:null,luruxueshengbanji:null,chaxunxueshengbanji:null,chaxunsuoyouyonghu:null,chaxunyonghu:null});const nodesState=reactive({aCard:{},tpl:{},aForm:{},tpl_2:{},aFormItem:{label:\\"\\\\u5B66\\\\u751F\\\\u540D\\\\u79F0\\"},tpl_3:{},aInput:{value:\\"\\",change:(event_event,event_ctx)=>{variables.xueshengmingcheng={type:\\"data\\",mode:\\"getEventData\\",args:{id:\\"642b8a819a04dc6fabaa5d55\\",path:[\\"642b8a909a04dc6fabaa5d56\\",\\"642be22b451c381a2ec381f7\\"]}}}},aFormItem_2:{label:\\"\\\\u5B66\\\\u751F\\\\u5E74\\\\u9F84\\"},tpl_4:{},aInputNumber:{change:(event_value,event_ctx)=>{variables.xueshengnianling={type:\\"data\\",mode:\\"custom\\",args:{type:\\"number\\",value:121}}}},aFormItem_3:{label:\\"\\\\u5B66\\\\u751F\\\\u5E74\\\\u9F84\\"},tpl_5:{},aButton:{type:\\"primary\\",size:\\"middle\\",shape:\\"round\\"},tpl_6:{},text:{text:\\"\\\\u63D0\\\\u4EA4\\\\u8868\\\\u5355\\"}});</script>"`;

exports[`compileScript > script 循环 判断 1`] = `"<script setup lang=\\"ts\\">import{onBeforeUnmount,onMounted,reactive,ref,computed}from\\"vue\\";import{useRouter}from\\"vue-router\\";import{chuangjianyonghu}from\\"../apis/chuangjianyonghu.ts\\";import{chuangjianbanji}from\\"../apis/chuangjianbanji.ts\\";import{luruxueshengbanji}from\\"../apis/luruxueshengbanji.ts\\";import{chaxunxueshengbanji}from\\"../apis/chaxunxueshengbanji.ts\\";import{chaxunsuoyouyonghu}from\\"../apis/chaxunsuoyouyonghu.ts\\";import{chaxunyonghu}from\\"../apis/chaxunyonghu.ts\\";const router=useRouter();const variables=reactive({xueshengmingcheng:null,xueshengnianling:null,xunhuancols:null});const apiState=reactive({chuangjianyonghu:null,chuangjianbanji:null,luruxueshengbanji:null,chaxunxueshengbanji:null,chaxunsuoyouyonghu:null,chaxunyonghu:null});const nodesState=reactive({each:{data:[\\"a\\",\\"b\\",\\"c\\",\\"d\\"]},tpl:{},each_2:{data:computed(()=>variables.xunhuancols)},tpl_2:{},each_3:{data:computed(()=>apiState.chaxunsuoyouyonghu.data.yonghushuzu)},tpl_3:{},cond:{},tpl_4:{},aCard:{},tpl_5:{},text:{},text_2:{},text_3:{},tpl_6:{},text_4:{text:\\"\\\\u5E74\\\\u9F84\\\\u5C0F\\\\u4E8E10----------\\"}});onMounted(()=>{chaxunsuoyouyonghu(\\"hxy\\").then(res=>{apiState.chaxunsuoyouyonghu=res;open(\\"in\\",\\"blank\\",\\"404\\")}).catch(error=>{})});</script>"`;
